KAMPR_ENV android-api35/sdk_gphone64_x86_64/ranchu | android-hwui-skia/vulkan-or-gles (renderer chosen by platform); board=goldfish_x86_64 device=emu64xa fingerprint=google/sdk_gphone64_x86_64/emu64xa:15/AE3A.240806.036/12592187:user/release-keys
KAMPR_BENCH android-api35/sdk_gphone64_x86_64/ranchu | 74x30 idle cursor | frames=300 fps=60.0 int_p05=16.66 int_p50=16.66 int_p95=16.66 int_p99=16.66 int_max=16.66 draw_p50=0.09 draw_p95=0.12 draw_p99=0.17 model_p50=0.01 model_p95=0.02 dropped=0 drop_pct=0.0 cache_hit_pct=-1.0
KAMPR_BENCH android-api35/sdk_gphone64_x86_64/ranchu | 74x30 mixed no-text | frames=300 fps=60.0 int_p05=16.66 int_p50=16.66 int_p95=16.66 int_p99=16.66 int_max=16.66 draw_p50=0.04 draw_p95=0.57 draw_p99=0.74 model_p50=0.05 model_p95=0.09 dropped=0 drop_pct=0.0 cache_hit_pct=-1.0
KAMPR_BENCH android-api35/sdk_gphone64_x86_64/ranchu | 74x30 mixed shape-every-frame | frames=300 fps=60.0 int_p05=16.66 int_p50=16.66 int_p95=16.66 int_p99=16.66 int_max=16.66 draw_p50=14.17 draw_p95=18.12 draw_p99=19.8 model_p50=0.03 model_p95=0.05 dropped=0 drop_pct=0.0 cache_hit_pct=-1.0
KAMPR_BENCH android-api35/sdk_gphone64_x86_64/ranchu | 74x30 mixed run-cache | frames=300 fps=60.0 int_p05=16.66 int_p50=16.66 int_p95=16.66 int_p99=16.66 int_max=16.66 draw_p50=1.77 draw_p95=2.17 draw_p99=3.55 model_p50=0.05 model_p95=0.08 dropped=0 drop_pct=0.0 cache_hit_pct=99.13
KAMPR_BENCH android-api35/sdk_gphone64_x86_64/ranchu | 74x30 mixed glyph-cache | frames=300 fps=60.0 int_p05=16.66 int_p50=16.66 int_p95=16.66 int_p99=16.66 int_max=16.66 draw_p50=7.58 draw_p95=8.14 draw_p99=8.52 model_p50=0.05 model_p95=0.08 dropped=0 drop_pct=0.0 cache_hit_pct=-1.0
KAMPR_BENCH android-api35/sdk_gphone64_x86_64/ranchu | 74x30 mixed bitmap-dirty | frames=300 fps=60.0 int_p05=16.66 int_p50=16.66 int_p95=16.66 int_p99=16.66 int_max=16.66 draw_p50=0.28 draw_p95=0.4 draw_p99=0.88 model_p50=0.05 model_p95=0.09 dropped=0 drop_pct=0.0 cache_hit_pct=100.0
KAMPR_BENCH android-api35/sdk_gphone64_x86_64/ranchu | 74x30 mixed run-cache recompose | frames=300 fps=60.0 int_p05=16.66 int_p50=16.66 int_p95=16.66 int_p99=16.66 int_max=16.66 draw_p50=1.51 draw_p95=1.65 draw_p99=1.8 model_p50=0.04 model_p95=0.08 dropped=0 drop_pct=0.0 cache_hit_pct=100.0
KAMPR_BENCH android-api35/sdk_gphone64_x86_64/ranchu | 74x30 scroll run-cache | frames=300 fps=60.0 int_p05=16.66 int_p50=16.66 int_p95=16.66 int_p99=16.66 int_max=16.66 draw_p50=1.69 draw_p95=2.18 draw_p99=2.58 model_p50=0.02 model_p95=0.13 dropped=0 drop_pct=0.0 cache_hit_pct=99.78
KAMPR_BENCH android-api35/sdk_gphone64_x86_64/ranchu | 74x30 worst no-text | frames=300 fps=60.0 int_p05=16.66 int_p50=16.66 int_p95=16.66 int_p99=16.66 int_max=16.66 draw_p50=0.06 draw_p95=0.47 draw_p99=0.52 model_p50=0.65 model_p95=0.73 dropped=0 drop_pct=0.0 cache_hit_pct=-1.0
KAMPR_BENCH android-api35/sdk_gphone64_x86_64/ranchu | 74x30 worst shape-every-frame | frames=300 fps=30.0 int_p05=33.33 int_p50=33.33 int_p95=49.99 int_p99=49.99 int_max=49.99 draw_p50=36.5 draw_p95=41.76 draw_p99=43.21 model_p50=0.61 model_p95=0.68 dropped=401 drop_pct=57.2 cache_hit_pct=-1.0
KAMPR_BENCH android-api35/sdk_gphone64_x86_64/ranchu | 74x30 worst run-cache | frames=300 fps=30.0 int_p05=33.33 int_p50=33.33 int_p95=49.99 int_p99=49.99 int_max=49.99 draw_p50=36.79 draw_p95=42.32 draw_p99=44.38 model_p50=0.61 model_p95=0.66 dropped=405 drop_pct=57.44 cache_hit_pct=0.25
KAMPR_BENCH android-api35/sdk_gphone64_x86_64/ranchu | 74x30 worst glyph-cache | frames=300 fps=60.0 int_p05=16.66 int_p50=16.66 int_p95=16.66 int_p99=16.66 int_max=16.66 draw_p50=12.31 draw_p95=14.13 draw_p99=15.06 model_p50=0.64 model_p95=0.79 dropped=0 drop_pct=0.0 cache_hit_pct=-1.0
KAMPR_BENCH android-api35/sdk_gphone64_x86_64/ranchu | 74x30 mixed zoom-redraw | frames=300 fps=60.0 int_p05=16.66 int_p50=16.66 int_p95=16.66 int_p99=16.66 int_max=16.66 draw_p50=9.38 draw_p95=15.78 draw_p99=25.03 model_p50=0.04 model_p95=0.06 dropped=0 drop_pct=0.0 cache_hit_pct=48.78
KAMPR_BENCH android-api35/sdk_gphone64_x86_64/ranchu | 74x30 mixed zoom-layer | frames=300 fps=60.0 int_p05=16.66 int_p50=16.66 int_p95=16.66 int_p99=16.66 int_max=16.66 draw_p50=1.92 draw_p95=2.33 draw_p99=5.03 model_p50=0.04 model_p95=0.07 dropped=0 drop_pct=0.0 cache_hit_pct=99.06
KAMPR_BENCH android-api35/sdk_gphone64_x86_64/ranchu | 200x50 mixed no-text | frames=300 fps=60.0 int_p05=16.66 int_p50=16.66 int_p95=16.66 int_p99=16.66 int_max=16.66 draw_p50=0.04 draw_p95=0.41 draw_p99=0.53 model_p50=0.04 model_p95=0.08 dropped=0 drop_pct=0.0 cache_hit_pct=-1.0
KAMPR_BENCH android-api35/sdk_gphone64_x86_64/ranchu | 200x50 mixed shape-every-frame | frames=300 fps=30.0 int_p05=16.66 int_p50=33.33 int_p95=33.33 int_p99=33.33 int_max=33.33 draw_p50=24.04 draw_p95=28.78 draw_p99=31.17 model_p50=0.03 model_p95=0.06 dropped=163 drop_pct=35.2 cache_hit_pct=-1.0
KAMPR_BENCH android-api35/sdk_gphone64_x86_64/ranchu | 200x50 mixed run-cache | frames=300 fps=60.0 int_p05=16.66 int_p50=16.66 int_p95=16.66 int_p99=16.66 int_max=16.66 draw_p50=3.2 draw_p95=3.65 draw_p99=4.23 model_p50=0.04 model_p95=0.08 dropped=0 drop_pct=0.0 cache_hit_pct=99.35
KAMPR_BENCH android-api35/sdk_gphone64_x86_64/ranchu | 200x50 mixed glyph-cache | frames=300 fps=60.0 int_p05=16.66 int_p50=16.66 int_p95=33.33 int_p99=33.33 int_max=33.33 draw_p50=18.99 draw_p95=21.57 draw_p99=22.74 model_p50=0.04 model_p95=0.08 dropped=73 drop_pct=19.57 cache_hit_pct=-1.0
KAMPR_BENCH android-api35/sdk_gphone64_x86_64/ranchu | 200x50 mixed bitmap-dirty | frames=300 fps=60.0 int_p05=16.66 int_p50=16.66 int_p95=16.66 int_p99=16.66 int_max=16.66 draw_p50=0.32 draw_p95=0.55 draw_p99=0.68 model_p50=0.05 model_p95=0.09 dropped=0 drop_pct=0.0 cache_hit_pct=100.0
KAMPR_BENCH android-api35/sdk_gphone64_x86_64/ranchu | 200x50 scroll run-cache | frames=300 fps=60.0 int_p05=16.66 int_p50=16.66 int_p95=16.66 int_p99=16.66 int_max=16.66 draw_p50=3.01 draw_p95=3.34 draw_p99=3.48 model_p50=0.02 model_p95=0.17 dropped=0 drop_pct=0.0 cache_hit_pct=99.89
KAMPR_BENCH android-api35/sdk_gphone64_x86_64/ranchu | 200x50 worst run-cache | frames=300 fps=6.0 int_p05=150.0 int_p50=166.66 int_p95=166.66 int_p99=183.33 int_max=199.99 draw_p50=159.66 draw_p95=168.51 draw_p99=170.74 model_p50=2.66 model_p95=2.84 dropped=2659 drop_pct=89.86 cache_hit_pct=0.03
KAMPR_BENCH android-api35/sdk_gphone64_x86_64/ranchu | 200x50 worst glyph-cache | frames=300 fps=15.0 int_p05=49.99 int_p50=66.66 int_p95=66.66 int_p99=66.66 int_max=83.33 draw_p50=53.59 draw_p95=57.22 draw_p99=59.16 model_p50=2.68 model_p95=2.78 dropped=763 drop_pct=71.77 cache_hit_pct=-1.0
KAMPR_BENCH android-api35/sdk_gphone64_x86_64/ranchu | 200x50 mixed zoom-redraw | frames=300 fps=60.0 int_p05=16.66 int_p50=16.66 int_p95=16.66 int_p99=33.33 int_max=33.33 draw_p50=14.09 draw_p95=21.34 draw_p99=32.22 model_p50=0.02 model_p95=0.06 dropped=9 drop_pct=2.91 cache_hit_pct=57.22
KAMPR_BENCH android-api35/sdk_gphone64_x86_64/ranchu | 200x50 mixed zoom-layer | frames=300 fps=60.0 int_p05=16.66 int_p50=16.66 int_p95=16.66 int_p99=16.66 int_max=33.33 draw_p50=3.26 draw_p95=4.27 draw_p99=10.29 model_p50=0.04 model_p95=0.08 dropped=1 drop_pct=0.33 cache_hit_pct=99.34
KAMPR_BENCH android-api35/sdk_gphone64_x86_64/ranchu | 74x30 mixed glyph-atlas | frames=300 fps=60.0 int_p05=16.66 int_p50=16.66 int_p95=16.66 int_p99=16.66 int_max=16.66 draw_p50=2.53 draw_p95=3.09 draw_p99=3.16 model_p50=0.05 model_p95=0.08 dropped=0 drop_pct=0.0 cache_hit_pct=-1.0
KAMPR_BENCH android-api35/sdk_gphone64_x86_64/ranchu | 74x30 worst glyph-atlas | frames=300 fps=60.0 int_p05=16.66 int_p50=16.66 int_p95=16.66 int_p99=16.66 int_max=16.66 draw_p50=3.76 draw_p95=4.55 draw_p99=5.07 model_p50=0.63 model_p95=0.67 dropped=0 drop_pct=0.0 cache_hit_pct=-1.0
